[     388ms] [INFO] %cDownload the React DevTools for a better development experience: https://react.dev/link/react-devtools font-weight:bold @ http://localhost:5173/node_modules/.vite/deps/react-dom_client.js?v=51360713:14335
[     651ms] [ERROR] Maximum update depth exceeded. This can happen when a component calls setState inside useEffect, but useEffect either doesn't have a dependency array, or one of the dependencies changes on every render. @ http://localhost:5173/@vite/client:524
[     719ms] [ERROR] Maximum update depth exceeded. This can happen when a component calls setState inside useEffect, but useEffect either doesn't have a dependency array, or one of the dependencies changes on every render. @ http://localhost:5173/@vite/client:524
[     777ms] [ERROR] Maximum update depth exceeded. This can happen when a component calls setState inside useEffect, but useEffect either doesn't have a dependency array, or one of the dependencies changes on every render. @ http://localhost:5173/@vite/client:524
[     831ms] [ERROR] Maximum update depth exceeded. This can happen when a component calls setState inside useEffect, but useEffect either doesn't have a dependency array, or one of the dependencies changes on every render. @ http://localhost:5173/@vite/client:524
[     881ms] [ERROR] Maximum update depth exceeded. This can happen when a component calls setState inside useEffect, but useEffect either doesn't have a dependency array, or one of the dependencies changes on every render. @ http://localhost:5173/@vite/client:524
[     927ms] [ERROR] Maximum update depth exceeded. This can happen when a component calls setState inside useEffect, but useEffect either doesn't have a dependency array, or one of the dependencies changes on every render. @ http://localhost:5173/@vite/client:524
[     972ms] [ERROR] Maximum update depth exceeded. This can happen when a component calls setState inside useEffect, but useEffect either doesn't have a dependency array, or one of the dependencies changes on every render. @ http://localhost:5173/@vite/client:524
[    1024ms] [ERROR] Maximum update depth exceeded. This can happen when a component calls setState inside useEffect, but useEffect either doesn't have a dependency array, or one of the dependencies changes on every render. @ http://localhost:5173/@vite/client:524
[    1073ms] [ERROR] Maximum update depth exceeded. This can happen when a component calls setState inside useEffect, but useEffect either doesn't have a dependency array, or one of the dependencies changes on every render. @ http://localhost:5173/@vite/client:524
[    1123ms] [ERROR] Maximum update depth exceeded. This can happen when a component calls setState inside useEffect, but useEffect either doesn't have a dependency array, or one of the dependencies changes on every render. @ http://localhost:5173/@vite/client:524
[    1161ms] [ERROR] Maximum update depth exceeded. This can happen when a component calls setState inside useEffect, but useEffect either doesn't have a dependency array, or one of the dependencies changes on every render. @ http://localhost:5173/@vite/client:524
[    1207ms] [ERROR] Maximum update depth exceeded. This can happen when a component calls setState inside useEffect, but useEffect either doesn't have a dependency array, or one of the dependencies changes on every render. @ http://localhost:5173/@vite/client:524
[    1245ms] [ERROR] Maximum update depth exceeded. This can happen when a component calls setState inside useEffect, but useEffect either doesn't have a dependency array, or one of the dependencies changes on every render. @ http://localhost:5173/@vite/client:524
[    1287ms] [ERROR] Maximum update depth exceeded. This can happen when a component calls setState inside useEffect, but useEffect either doesn't have a dependency array, or one of the dependencies changes on every render. @ http://localhost:5173/@vite/client:524
[    1330ms] [ERROR] Maximum update depth exceeded. This can happen when a component calls setState inside useEffect, but useEffect either doesn't have a dependency array, or one of the dependencies changes on every render. @ http://localhost:5173/@vite/client:524
[    1377ms] [ERROR] Maximum update depth exceeded. This can happen when a component calls setState inside useEffect, but useEffect either doesn't have a dependency array, or one of the dependencies changes on every render. @ http://localhost:5173/@vite/client:524
[    1417ms] [ERROR] Maximum update depth exceeded. This can happen when a component calls setState inside useEffect, but useEffect either doesn't have a dependency array, or one of the dependencies changes on every render. @ http://localhost:5173/@vite/client:524
[    1459ms] [ERROR] Maximum update depth exceeded. This can happen when a component calls setState inside useEffect, but useEffect either doesn't have a dependency array, or one of the dependencies changes on every render. @ http://localhost:5173/@vite/client:524
[    1496ms] [ERROR] Maximum update depth exceeded. This can happen when a component calls setState inside useEffect, but useEffect either doesn't have a dependency array, or one of the dependencies changes on every render. @ http://localhost:5173/@vite/client:524
[    1535ms] [ERROR] Maximum update depth exceeded. This can happen when a component calls setState inside useEffect, but useEffect either doesn't have a dependency array, or one of the dependencies changes on every render. @ http://localhost:5173/@vite/client:524
[    1577ms] [ERROR] Maximum update depth exceeded. This can happen when a component calls setState inside useEffect, but useEffect either doesn't have a dependency array, or one of the dependencies changes on every render. @ http://localhost:5173/@vite/client:524
[    1617ms] [ERROR] Maximum update depth exceeded. This can happen when a component calls setState inside useEffect, but useEffect either doesn't have a dependency array, or one of the dependencies changes on every render. @ http://localhost:5173/@vite/client:524
[    1645ms] [ERROR] Maximum update depth exceeded. This can happen when a component calls setState inside useEffect, but useEffect either doesn't have a dependency array, or one of the dependencies changes on every render. @ http://localhost:5173/@vite/client:524
[    1675ms] [ERROR] Maximum update depth exceeded. This can happen when a component calls setState inside useEffect, but useEffect either doesn't have a dependency array, or one of the dependencies changes on every render. @ http://localhost:5173/@vite/client:524
[    1704ms] [ERROR] Maximum update depth exceeded. This can happen when a component calls setState inside useEffect, but useEffect either doesn't have a dependency array, or one of the dependencies changes on every render. @ http://localhost:5173/@vite/client:524
[    1731ms] [ERROR] Maximum update depth exceeded. This can happen when a component calls setState inside useEffect, but useEffect either doesn't have a dependency array, or one of the dependencies changes on every render. @ http://localhost:5173/@vite/client:524
[    1769ms] [ERROR] Maximum update depth exceeded. This can happen when a component calls setState inside useEffect, but useEffect either doesn't have a dependency array, or one of the dependencies changes on every render. @ http://localhost:5173/@vite/client:524
[    1801ms] [ERROR] Maximum update depth exceeded. This can happen when a component calls setState inside useEffect, but useEffect either doesn't have a dependency array, or one of the dependencies changes on every render. @ http://localhost:5173/@vite/client:524
[    1828ms] [ERROR] Maximum update depth exceeded. This can happen when a component calls setState inside useEffect, but useEffect either doesn't have a dependency array, or one of the dependencies changes on every render. @ http://localhost:5173/@vite/client:524
[    1860ms] [ERROR] Maximum update depth exceeded. This can happen when a component calls setState inside useEffect, but useEffect either doesn't have a dependency array, or one of the dependencies changes on every render. @ http://localhost:5173/@vite/client:524
[    1892ms] [ERROR] Maximum update depth exceeded. This can happen when a component calls setState inside useEffect, but useEffect either doesn't have a dependency array, or one of the dependencies changes on every render. @ http://localhost:5173/@vite/client:524
[    1929ms] [ERROR] Maximum update depth exceeded. This can happen when a component calls setState inside useEffect, but useEffect either doesn't have a dependency array, or one of the dependencies changes on every render. @ http://localhost:5173/@vite/client:524
[    1963ms] [ERROR] Maximum update depth exceeded. This can happen when a component calls setState inside useEffect, but useEffect either doesn't have a dependency array, or one of the dependencies changes on every render. @ http://localhost:5173/@vite/client:524
[    2000ms] [ERROR] Maximum update depth exceeded. This can happen when a component calls setState inside useEffect, but useEffect either doesn't have a dependency array, or one of the dependencies changes on every render. @ http://localhost:5173/@vite/client:524
[    2045ms] [ERROR] Maximum update depth exceeded. This can happen when a component calls setState inside useEffect, but useEffect either doesn't have a dependency array, or one of the dependencies changes on every render. @ http://localhost:5173/@vite/client:524
[    2083ms] [ERROR] Maximum update depth exceeded. This can happen when a component calls setState inside useEffect, but useEffect either doesn't have a dependency array, or one of the dependencies changes on every render. @ http://localhost:5173/@vite/client:524
[    2116ms] [ERROR] Maximum update depth exceeded. This can happen when a component calls setState inside useEffect, but useEffect either doesn't have a dependency array, or one of the dependencies changes on every render. @ http://localhost:5173/@vite/client:524
[    2157ms] [ERROR] Maximum update depth exceeded. This can happen when a component calls setState inside useEffect, but useEffect either doesn't have a dependency array, or one of the dependencies changes on every render. @ http://localhost:5173/@vite/client:524
[    2194ms] [ERROR] Maximum update depth exceeded. This can happen when a component calls setState inside useEffect, but useEffect either doesn't have a dependency array, or one of the dependencies changes on every render. @ http://localhost:5173/@vite/client:524
[    2233ms] [ERROR] Maximum update depth exceeded. This can happen when a component calls setState inside useEffect, but useEffect either doesn't have a dependency array, or one of the dependencies changes on every render. @ http://localhost:5173/@vite/client:524
[    2277ms] [ERROR] Maximum update depth exceeded. This can happen when a component calls setState inside useEffect, but useEffect either doesn't have a dependency array, or one of the dependencies changes on every render. @ http://localhost:5173/@vite/client:524
[    2315ms] [ERROR] Maximum update depth exceeded. This can happen when a component calls setState inside useEffect, but useEffect either doesn't have a dependency array, or one of the dependencies changes on every render. @ http://localhost:5173/@vite/client:524
[    2352ms] [ERROR] Maximum update depth exceeded. This can happen when a component calls setState inside useEffect, but useEffect either doesn't have a dependency array, or one of the dependencies changes on every render. @ http://localhost:5173/@vite/client:524
[    2392ms] [ERROR] Maximum update depth exceeded. This can happen when a component calls setState inside useEffect, but useEffect either doesn't have a dependency array, or one of the dependencies changes on every render. @ http://localhost:5173/@vite/client:524
[    2425ms] [ERROR] Maximum update depth exceeded. This can happen when a component calls setState inside useEffect, but useEffect either doesn't have a dependency array, or one of the dependencies changes on every render. @ http://localhost:5173/@vite/client:524
[    2462ms] [ERROR] Maximum update depth exceeded. This can happen when a component calls setState inside useEffect, but useEffect either doesn't have a dependency array, or one of the dependencies changes on every render. @ http://localhost:5173/@vite/client:524
[    2502ms] [ERROR] Maximum update depth exceeded. This can happen when a component calls setState inside useEffect, but useEffect either doesn't have a dependency array, or one of the dependencies changes on every render. @ http://localhost:5173/@vite/client:524
[    2542ms] [ERROR] Maximum update depth exceeded. This can happen when a component calls setState inside useEffect, but useEffect either doesn't have a dependency array, or one of the dependencies changes on every render. @ http://localhost:5173/@vite/client:524
[    2579ms] [ERROR] Maximum update depth exceeded. This can happen when a component calls setState inside useEffect, but useEffect either doesn't have a dependency array, or one of the dependencies changes on every render. @ http://localhost:5173/@vite/client:524
[    2608ms] [ERROR] Maximum update depth exceeded. This can happen when a component calls setState inside useEffect, but useEffect either doesn't have a dependency array, or one of the dependencies changes on every render. @ http://localhost:5173/@vite/client:524
[    2639ms] [ERROR] Maximum update depth exceeded. This can happen when a component calls setState inside useEffect, but useEffect either doesn't have a dependency array, or one of the dependencies changes on every render. @ http://localhost:5173/@vite/client:524
[    2671ms] [ERROR] Maximum update depth exceeded. This can happen when a component calls setState inside useEffect, but useEffect either doesn't have a dependency array, or one of the dependencies changes on every render. @ http://localhost:5173/@vite/client:524
[    2697ms] [ERROR] Maximum update depth exceeded. This can happen when a component calls setState inside useEffect, but useEffect either doesn't have a dependency array, or one of the dependencies changes on every render. @ http://localhost:5173/@vite/client:524
[    2727ms] [ERROR] Maximum update depth exceeded. This can happen when a component calls setState inside useEffect, but useEffect either doesn't have a dependency array, or one of the dependencies changes on every render. @ http://localhost:5173/@vite/client:524
[    2758ms] [ERROR] Maximum update depth exceeded. This can happen when a component calls setState inside useEffect, but useEffect either doesn't have a dependency array, or one of the dependencies changes on every render. @ http://localhost:5173/@vite/client:524
[    2792ms] [ERROR] Maximum update depth exceeded. This can happen when a component calls setState inside useEffect, but useEffect either doesn't have a dependency array, or one of the dependencies changes on every render. @ http://localhost:5173/@vite/client:524
[    2823ms] [ERROR] Maximum update depth exceeded. This can happen when a component calls setState inside useEffect, but useEffect either doesn't have a dependency array, or one of the dependencies changes on every render. @ http://localhost:5173/@vite/client:524
[    2850ms] [ERROR] Maximum update depth exceeded. This can happen when a component calls setState inside useEffect, but useEffect either doesn't have a dependency array, or one of the dependencies changes on every render. @ http://localhost:5173/@vite/client:524
[    2879ms] [ERROR] Maximum update depth exceeded. This can happen when a component calls setState inside useEffect, but useEffect either doesn't have a dependency array, or one of the dependencies changes on every render. @ http://localhost:5173/@vite/client:524
[    2907ms] [ERROR] Maximum update depth exceeded. This can happen when a component calls setState inside useEffect, but useEffect either doesn't have a dependency array, or one of the dependencies changes on every render. @ http://localhost:5173/@vite/client:524
[    2940ms] [ERROR] Maximum update depth exceeded. This can happen when a component calls setState inside useEffect, but useEffect either doesn't have a dependency array, or one of the dependencies changes on every render. @ http://localhost:5173/@vite/client:524
[    2968ms] [ERROR] Maximum update depth exceeded. This can happen when a component calls setState inside useEffect, but useEffect either doesn't have a dependency array, or one of the dependencies changes on every render. @ http://localhost:5173/@vite/client:524
[    2995ms] [ERROR] Maximum update depth exceeded. This can happen when a component calls setState inside useEffect, but useEffect either doesn't have a dependency array, or one of the dependencies changes on every render. @ http://localhost:5173/@vite/client:524
[    3029ms] [ERROR] Maximum update depth exceeded. This can happen when a component calls setState inside useEffect, but useEffect either doesn't have a dependency array, or one of the dependencies changes on every render. @ http://localhost:5173/@vite/client:524
[    3105ms] [ERROR] React does not recognize the `%s` prop on a DOM element. If you intentionally want it to appear in the DOM as a custom attribute, spell it as lowercase `%s` instead. If you accidentally passed it from a parent component, remove it from the DOM element. InputProps inputprops @ http://localhost:5173/@vite/client:524
[    3105ms] [ERROR] Warning: Missing translation for key: "ra.input.password.toggle_hidden" @ http://localhost:5173/@vite/client:524
[    3106ms] [ERROR] Warning: Missing translation for key: "ra.input.password.toggle_hidden" @ http://localhost:5173/@vite/client:524
[   72494ms] [ERROR] Warning: Missing translation for key: "ra.input.password.toggle_hidden" @ http://localhost:5173/@vite/client:524
[   72495ms] [ERROR] Warning: Missing translation for key: "ra.input.password.toggle_hidden" @ http://localhost:5173/@vite/client:524
[   73858ms] [ERROR] Warning: Missing translation for key: "ra.input.password.toggle_hidden" @ http://localhost:5173/@vite/client:524
[   73859ms] [ERROR] Warning: Missing translation for key: "ra.input.password.toggle_hidden" @ http://localhost:5173/@vite/client:524
[   73981ms] [ERROR] Warning: Missing translation for key: "ra.configurable.customize" @ http://localhost:5173/@vite/client:524
[   73981ms] [ERROR] Warning: Missing translation for key: "ra.configurable.customize" @ http://localhost:5173/@vite/client:524
[   73986ms] [ERROR] Warning: Missing translation for key: "ra.action.search" @ http://localhost:5173/@vite/client:524
[   73987ms] [ERROR] Warning: Missing translation for key: "ra.action.search" @ http://localhost:5173/@vite/client:524
[   73997ms] [ERROR] Warning: Missing translation for key: "ra.action.confirm" @ http://localhost:5173/@vite/client:524
[   73998ms] [ERROR] Warning: Missing translation for key: "ra.action.confirm" @ http://localhost:5173/@vite/client:524
[   74040ms] [ERROR] Warning: Missing translation for key: "ra.configurable.customize" @ http://localhost:5173/@vite/client:524
[   74041ms] [ERROR] Warning: Missing translation for key: "ra.configurable.customize" @ http://localhost:5173/@vite/client:524
[   74044ms] [ERROR] Warning: Missing translation for key: "ra.action.search" @ http://localhost:5173/@vite/client:524
[   74044ms] [ERROR] Warning: Missing translation for key: "ra.action.search" @ http://localhost:5173/@vite/client:524
[   74052ms] [ERROR] Warning: Missing translation for key: "ra.action.confirm" @ http://localhost:5173/@vite/client:524
[   74052ms] [ERROR] Warning: Missing translation for key: "ra.action.confirm" @ http://localhost:5173/@vite/client:524
[   74080ms] [ERROR] Warning: Missing translation for key: "ra.configurable.customize" @ http://localhost:5173/@vite/client:524
[   74080ms] [ERROR] Warning: Missing translation for key: "ra.configurable.customize" @ http://localhost:5173/@vite/client:524
[   74082ms] [ERROR] Warning: Missing translation for key: "ra.action.search" @ http://localhost:5173/@vite/client:524
[   74082ms] [ERROR] Warning: Missing translation for key: "ra.action.search" @ http://localhost:5173/@vite/client:524
[   74087ms] [ERROR] Warning: Missing translation for key: "ra.action.confirm" @ http://localhost:5173/@vite/client:524
[   74087ms] [ERROR] Warning: Missing translation for key: "ra.action.confirm" @ http://localhost:5173/@vite/client:524
[   74100ms] [ERROR] Warning: Missing translation for key: "ra.configurable.customize" @ http://localhost:5173/@vite/client:524
[   74101ms] [ERROR] Warning: Missing translation for key: "ra.configurable.customize" @ http://localhost:5173/@vite/client:524
[   74103ms] [ERROR] Warning: Missing translation for key: "ra.action.search" @ http://localhost:5173/@vite/client:524
[   74103ms] [ERROR] Warning: Missing translation for key: "ra.action.search" @ http://localhost:5173/@vite/client:524
[   74112ms] [ERROR] Warning: Missing translation for key: "ra.action.confirm" @ http://localhost:5173/@vite/client:524
[   74113ms] [ERROR] Warning: Missing translation for key: "ra.action.confirm" @ http://localhost:5173/@vite/client:524
[   74118ms] [ERROR] Warning: Missing translation for key: "ra.action.unselect" @ http://localhost:5173/@vite/client:524
[   74118ms] [ERROR] Warning: Missing translation for key: "ra.action.unselect" @ http://localhost:5173/@vite/client:524
[   74118ms] [ERROR] Warning: Missing translation for key: "ra.action.unselect" @ http://localhost:5173/@vite/client:524
[   74118ms] [ERROR] Warning: Missing translation for key: "ra.action.unselect" @ http://localhost:5173/@vite/client:524
[   74130ms] [ERROR] React does not recognize the `%s` prop on a DOM element. If you intentionally want it to appear in the DOM as a custom attribute, spell it as lowercase `%s` instead. If you accidentally passed it from a parent component, remove it from the DOM element. inputProps inputprops @ http://localhost:5173/@vite/client:524
[   74131ms] [ERROR] Warning: Missing translation for key: "ra.sort.ASC" @ http://localhost:5173/@vite/client:524
[   74132ms] [ERROR] Warning: Missing translation for key: "ra.sort.ASC" @ http://localhost:5173/@vite/client:524
[   74135ms] [ERROR] Warning: Missing translation for key: "ra.sort.ASC" @ http://localhost:5173/@vite/client:524
[   74135ms] [ERROR] Warning: Missing translation for key: "ra.sort.ASC" @ http://localhost:5173/@vite/client:524
[   74138ms] [ERROR] Warning: Missing translation for key: "ra.sort.ASC" @ http://localhost:5173/@vite/client:524
[   74140ms] [ERROR] Warning: Missing translation for key: "ra.sort.ASC" @ http://localhost:5173/@vite/client:524
[   74143ms] [ERROR] Warning: Missing translation for key: "ra.sort.ASC" @ http://localhost:5173/@vite/client:524
[   74144ms] [ERROR] Warning: Missing translation for key: "ra.sort.ASC" @ http://localhost:5173/@vite/client:524
[   74146ms] [ERROR] Warning: Missing translation for key: "ra.sort.ASC" @ http://localhost:5173/@vite/client:524
[   74146ms] [ERROR] Warning: Missing translation for key: "ra.sort.ASC" @ http://localhost:5173/@vite/client:524
[   74149ms] [ERROR] Warning: Missing translation for key: "ra.sort.ASC" @ http://localhost:5173/@vite/client:524
[   74149ms] [ERROR] Warning: Missing translation for key: "ra.sort.ASC" @ http://localhost:5173/@vite/client:524
[   74151ms] [ERROR] Warning: Missing translation for key: "ra.sort.ASC" @ http://localhost:5173/@vite/client:524
[   74152ms] [ERROR] Warning: Missing translation for key: "ra.sort.ASC" @ http://localhost:5173/@vite/client:524
[   74281ms] [ERROR] Warning: Missing translation for key: "ra.navigation.page_rows_per_page" @ http://localhost:5173/@vite/client:524
[   74282ms] [ERROR] Warning: Missing translation for key: "ra.navigation.page_rows_per_page" @ http://localhost:5173/@vite/client:524
[  170679ms] [INFO] %cDownload the React DevTools for a better development experience: https://react.dev/link/react-devtools font-weight:bold @ http://localhost:5173/node_modules/.vite/deps/react-dom_client.js?v=512ae9f7:14335
[  170919ms] [ERROR] React does not recognize the `%s` prop on a DOM element. If you intentionally want it to appear in the DOM as a custom attribute, spell it as lowercase `%s` instead. If you accidentally passed it from a parent component, remove it from the DOM element. InputProps inputprops @ http://localhost:5173/@vite/client:524
[  171097ms] [ERROR] React does not recognize the `%s` prop on a DOM element. If you intentionally want it to appear in the DOM as a custom attribute, spell it as lowercase `%s` instead. If you accidentally passed it from a parent component, remove it from the DOM element. inputProps inputprops @ http://localhost:5173/@vite/client:524
